// Jest Snapshot v1, https://goo.gl/fbAQLP

exports[`cardlist expect to render CardList component 1`] = `
<div>
  <Card
    email="john@gmail.com"
    id={1}
    key="1"
    name="John Goerzen"
  />
</div>
`;
