// Jest Snapshot v1, https://goo.gl/fbAQLP

exports[`errorboundary expect to render ErrorBoundary component 1`] = `""`;
